let (Int * Int) -> Int add = (n, m) -> n + m in
let Int -> Int inverse = (n) -> 1 * n in
let (Int * Int) -> Bool equals = (n, m) -> n == m in
let Int group num_group = Int add 0 inverse equals in
let (Int * Int) -> Int mult = (n, m) -> n * m in
let Int ring num_ring = Int add 0 inverse equals 1 mult in
num_ring