type Space_pt = {x : Int, y : Int, z : Int}
type Plane_pt = {x : Int, y : Int}
let Plane_pt sq_pt1 = {x = 0, y = 0} in
let Plane_pt sq_pt2 = {x = 0, y = 5} in
let Plane_pt sq_pt3 = {x = 5, y = 0} in
let Plane_pt sq_pt4 = {x = 5, y = 5} in
let Space_pt tip1 = {x = 0, y = 2, z = 10} in
let Space_pt tip2 = {x = 5, y = 5, z = 10} in
sq_pt1.x + sq_pt2.y + sq_pt3.x + sq_pt4.y - tip1.x * tip2.z
