Fatal error: exception Semant.Failure("expected parameter of type Int but recieved argument of type String")
