Fatal error: exception Lifting.Failure("function plusOne is previously defined")
