Fatal error: exception Semant.Failure("the left- and right-hand sides of bindings must mach: Int =/= String")
