Fatal error: exception Codegen.Failure("unbound variable zero")
