Fatal error: exception Semant.Failure("Struct field names must be unique")
Undefined symbols for architecture arm64:
  "_main", referenced from:
     implicit entry/start for main executable
ld: symbol(s) not found for architecture arm64
clang: error: linker command failed with exit code 1 (use -v to see invocation)